{"type":"server-started","port":58837,"host":"127.0.0.1","url_host":"localhost","url":"http://localhost:58837","screen_dir":"/Users/adamstyer/Documents/loanos-clone/.superpowers/brainstorm/51857-1773928809"}
{"type":"screen-added","file":"/Users/adamstyer/Documents/loanos-clone/.superpowers/brainstorm/51857-1773928809/tab-structure.html"}
{"type":"screen-updated","file":"/Users/adamstyer/Documents/loanos-clone/.superpowers/brainstorm/51857-1773928809/tab-structure.html"}
{"type":"screen-updated","file":"/Users/adamstyer/Documents/loanos-clone/.superpowers/brainstorm/51857-1773928809/tab-structure.html"}
{"type":"screen-updated","file":"/Users/adamstyer/Documents/loanos-clone/.superpowers/brainstorm/51857-1773928809/tab-structure.html"}
{"type":"screen-added","file":"/Users/adamstyer/Documents/loanos-clone/.superpowers/brainstorm/51857-1773928809/send-tab-mockup.html"}
{"type":"screen-updated","file":"/Users/adamstyer/Documents/loanos-clone/.superpowers/brainstorm/51857-1773928809/send-tab-mockup.html"}
{"type":"screen-updated","file":"/Users/adamstyer/Documents/loanos-clone/.superpowers/brainstorm/51857-1773928809/send-tab-mockup.html"}
{"type":"screen-updated","file":"/Users/adamstyer/Documents/loanos-clone/.superpowers/brainstorm/51857-1773928809/send-tab-mockup.html"}
{"type":"screen-added","file":"/Users/adamstyer/Documents/loanos-clone/.superpowers/brainstorm/51857-1773928809/newsletter-form.html"}
{"type":"screen-updated","file":"/Users/adamstyer/Documents/loanos-clone/.superpowers/brainstorm/51857-1773928809/newsletter-form.html"}
{"type":"screen-updated","file":"/Users/adamstyer/Documents/loanos-clone/.superpowers/brainstorm/51857-1773928809/newsletter-form.html"}
{"type":"screen-updated","file":"/Users/adamstyer/Documents/loanos-clone/.superpowers/brainstorm/51857-1773928809/newsletter-form.html"}
{"type":"screen-added","file":"/Users/adamstyer/Documents/loanos-clone/.superpowers/brainstorm/51857-1773928809/color-contrast.html"}
{"type":"screen-updated","file":"/Users/adamstyer/Documents/loanos-clone/.superpowers/brainstorm/51857-1773928809/color-contrast.html"}
{"type":"screen-updated","file":"/Users/adamstyer/Documents/loanos-clone/.superpowers/brainstorm/51857-1773928809/color-contrast.html"}
{"type":"screen-updated","file":"/Users/adamstyer/Documents/loanos-clone/.superpowers/brainstorm/51857-1773928809/color-contrast.html"}
{"type":"screen-added","file":"/Users/adamstyer/Documents/loanos-clone/.superpowers/brainstorm/51857-1773928809/final-style.html"}
{"type":"screen-updated","file":"/Users/adamstyer/Documents/loanos-clone/.superpowers/brainstorm/51857-1773928809/final-style.html"}
{"type":"screen-updated","file":"/Users/adamstyer/Documents/loanos-clone/.superpowers/brainstorm/51857-1773928809/final-style.html"}
{"type":"screen-updated","file":"/Users/adamstyer/Documents/loanos-clone/.superpowers/brainstorm/51857-1773928809/final-style.html"}
{"type":"screen-added","file":"/Users/adamstyer/Documents/loanos-clone/.superpowers/brainstorm/51857-1773928809/calls-history-tabs.html"}
{"type":"screen-updated","file":"/Users/adamstyer/Documents/loanos-clone/.superpowers/brainstorm/51857-1773928809/calls-history-tabs.html"}
{"type":"screen-updated","file":"/Users/adamstyer/Documents/loanos-clone/.superpowers/brainstorm/51857-1773928809/calls-history-tabs.html"}
{"type":"screen-updated","file":"/Users/adamstyer/Documents/loanos-clone/.superpowers/brainstorm/51857-1773928809/calls-history-tabs.html"}
{"type":"server-stopped","reason":"idle timeout"}
